// Jest Snapshot v1, https://goo.gl/fbAQLP

exports[`Icon can render 1`] = `
<svg
  className="jd-icon"
  style={
    Object {
      "fill": undefined,
      "height": undefined,
      "width": undefined,
    }
  }
>
  <use
    xlinkHref="#react"
  />
</svg>
`;
